// Vitest Snapshot v1, https://vitest.dev/guide/snapshot.html

exports[`golden: first tournament > prizes and money are unchanged 1`] = `
{
  "banker": {
    "balanced": true,
    "difference": 0,
    "pays": 37500,
    "playerId": "p1",
    "receives": 37500,
  },
  "flows": [
    {
      "amount": 2500,
      "from": "p1",
      "kind": "entry",
      "label": "Inscripción",
      "paid": true,
      "to": null,
    },
    {
      "amount": 2500,
      "from": "p2",
      "kind": "entry",
      "label": "Inscripción",
      "paid": false,
      "to": null,
    },
    {
      "amount": 2500,
      "from": "p3",
      "kind": "entry",
      "label": "Inscripción",
      "paid": false,
      "to": null,
    },
    {
      "amount": 2500,
      "from": "p4",
      "kind": "entry",
      "label": "Inscripción",
      "paid": false,
      "to": null,
    },
    {
      "amount": 2500,
      "from": "p5",
      "kind": "entry",
      "label": "Inscripción",
      "paid": false,
      "to": null,
    },
    {
      "amount": 2500,
      "from": "p6",
      "kind": "entry",
      "label": "Inscripción",
      "paid": false,
      "to": null,
    },
    {
      "amount": 2500,
      "from": "p7",
      "kind": "entry",
      "label": "Inscripción",
      "paid": false,
      "to": null,
    },
    {
      "amount": 2500,
      "from": "p8",
      "kind": "entry",
      "label": "Inscripción",
      "paid": false,
      "to": null,
    },
    {
      "amount": 2500,
      "from": "p9",
      "kind": "entry",
      "label": "Inscripción",
      "paid": false,
      "to": null,
    },
    {
      "amount": 2500,
      "from": "p10",
      "kind": "entry",
      "label": "Inscripción",
      "paid": false,
      "to": null,
    },
    {
      "amount": 2500,
      "from": "p11",
      "kind": "entry",
      "label": "Inscripción",
      "paid": false,
      "to": null,
    },
    {
      "amount": 2500,
      "from": "p12",
      "kind": "entry",
      "label": "Inscripción",
      "paid": false,
      "to": null,
    },
    {
      "amount": 250,
      "from": "p2",
      "kind": "calcutta",
      "label": "Calcutta, lote 1",
      "paid": false,
      "to": null,
    },
    {
      "amount": 125,
      "from": "p1",
      "kind": "buyback",
      "label": "Recompra 50%",
      "paid": false,
      "to": "p2",
    },
    {
      "amount": 500,
      "from": "p3",
      "kind": "calcutta",
      "label": "Calcutta, lote 2",
      "paid": false,
      "to": null,
    },
    {
      "amount": 750,
      "from": "p4",
      "kind": "calcutta",
      "label": "Calcutta, lote 3",
      "paid": false,
      "to": null,
    },
    {
      "amount": 1000,
      "from": "p5",
      "kind": "calcutta",
      "label": "Calcutta, lote 4",
      "paid": false,
      "to": null,
    },
    {
      "amount": 250,
      "from": "p6",
      "kind": "calcutta",
      "label": "Calcutta, lote 5",
      "paid": false,
      "to": null,
    },
    {
      "amount": 500,
      "from": "p7",
      "kind": "calcutta",
      "label": "Calcutta, lote 6",
      "paid": false,
      "to": null,
    },
    {
      "amount": 750,
      "from": "p8",
      "kind": "calcutta",
      "label": "Calcutta, lote 7",
      "paid": false,
      "to": null,
    },
    {
      "amount": 1000,
      "from": "p9",
      "kind": "calcutta",
      "label": "Calcutta, lote 8",
      "paid": false,
      "to": null,
    },
    {
      "amount": 250,
      "from": "p10",
      "kind": "calcutta",
      "label": "Calcutta, lote 9",
      "paid": false,
      "to": null,
    },
    {
      "amount": 500,
      "from": "p11",
      "kind": "calcutta",
      "label": "Calcutta, lote 10",
      "paid": false,
      "to": null,
    },
    {
      "amount": 750,
      "from": "p12",
      "kind": "calcutta",
      "label": "Calcutta, lote 11",
      "paid": false,
      "to": null,
    },
    {
      "amount": 1000,
      "from": "p1",
      "kind": "calcutta",
      "label": "Calcutta, lote 12",
      "paid": false,
      "to": null,
    },
    {
      "amount": 10000,
      "from": null,
      "kind": "payout",
      "label": "Individual, 1.º",
      "paid": false,
      "to": "p3",
    },
    {
      "amount": 5000,
      "from": null,
      "kind": "payout",
      "label": "Individual, 2.º",
      "paid": false,
      "to": "p5",
    },
    {
      "amount": 3000,
      "from": null,
      "kind": "payout",
      "label": "Individual, 3.º",
      "paid": false,
      "to": "p11",
    },
    {
      "amount": 2000,
      "from": null,
      "kind": "payout",
      "label": "Individual, 4.º",
      "paid": false,
      "to": "p12",
    },
    {
      "amount": 1200,
      "from": null,
      "kind": "payout",
      "label": "Mejor ronda, día 1",
      "paid": false,
      "to": "p12",
    },
    {
      "amount": 1200,
      "from": null,
      "kind": "payout",
      "label": "Mejor ronda, día 2",
      "paid": false,
      "to": "p9",
    },
    {
      "amount": 1000,
      "from": null,
      "kind": "payout",
      "label": "Los Matrimonios, 1.º",
      "paid": false,
      "to": "p3",
    },
    {
      "amount": 1000,
      "from": null,
      "kind": "payout",
      "label": "Los Matrimonios, 1.º",
      "paid": false,
      "to": "p12",
    },
    {
      "amount": 500,
      "from": null,
      "kind": "payout",
      "label": "Los Matrimonios, 2.º",
      "paid": false,
      "to": "p5",
    },
    {
      "amount": 500,
      "from": null,
      "kind": "payout",
      "label": "Los Matrimonios, 2.º",
      "paid": false,
      "to": "p8",
    },
    {
      "amount": 200,
      "from": null,
      "kind": "payout",
      "label": "La Víbora, día 1, grupo 1",
      "paid": false,
      "to": "p1",
    },
    {
      "amount": 200,
      "from": null,
      "kind": "payout",
      "label": "La Víbora, día 1, grupo 1",
      "paid": false,
      "to": "p10",
    },
    {
      "amount": 200,
      "from": null,
      "kind": "payout",
      "label": "La Víbora, día 1, grupo 1",
      "paid": false,
      "to": "p4",
    },
    {
      "amount": 200,
      "from": null,
      "kind": "payout",
      "label": "La Víbora, día 1, grupo 2",
      "paid": false,
      "to": "p2",
    },
    {
      "amount": 200,
      "from": null,
      "kind": "payout",
      "label": "La Víbora, día 1, grupo 2",
      "paid": false,
      "to": "p11",
    },
    {
      "amount": 200,
      "from": null,
      "kind": "payout",
      "label": "La Víbora, día 1, grupo 2",
      "paid": false,
      "to": "p5",
    },
    {
      "amount": 200,
      "from": null,
      "kind": "payout",
      "label": "La Víbora, día 1, grupo 3",
      "paid": false,
      "to": "p12",
    },
    {
      "amount": 200,
      "from": null,
      "kind": "payout",
      "label": "La Víbora, día 1, grupo 3",
      "paid": false,
      "to": "p6",
    },
    {
      "amount": 200,
      "from": null,
      "kind": "payout",
      "label": "La Víbora, día 1, grupo 3",
      "paid": false,
      "to": "p9",
    },
    {
      "amount": 200,
      "from": null,
      "kind": "payout",
      "label": "La Víbora, día 2, grupo 1",
      "paid": false,
      "to": "p10",
    },
    {
      "amount": 200,
      "from": null,
      "kind": "payout",
      "label": "La Víbora, día 2, grupo 1",
      "paid": false,
      "to": "p4",
    },
    {
      "amount": 200,
      "from": null,
      "kind": "payout",
      "label": "La Víbora, día 2, grupo 1",
      "paid": false,
      "to": "p7",
    },
    {
      "amount": 200,
      "from": null,
      "kind": "payout",
      "label": "La Víbora, día 2, grupo 2",
      "paid": false,
      "to": "p2",
    },
    {
      "amount": 200,
      "from": null,
      "kind": "payout",
      "label": "La Víbora, día 2, grupo 2",
      "paid": false,
      "to": "p11",
    },
    {
      "amount": 200,
      "from": null,
      "kind": "payout",
      "label": "La Víbora, día 2, grupo 2",
      "paid": false,
      "to": "p8",
    },
    {
      "amount": 200,
      "from": null,
      "kind": "payout",
      "label": "La Víbora, día 2, grupo 3",
      "paid": false,
      "to": "p12",
    },
    {
      "amount": 200,
      "from": null,
      "kind": "payout",
      "label": "La Víbora, día 2, grupo 3",
      "paid": false,
      "to": "p6",
    },
    {
      "amount": 200,
      "from": null,
      "kind": "payout",
      "label": "La Víbora, día 2, grupo 3",
      "paid": false,
      "to": "p9",
    },
    {
      "amount": 1000,
      "from": null,
      "kind": "payout",
      "label": "Menos putts",
      "paid": false,
      "to": "p4",
    },
    {
      "amount": 4125,
      "from": null,
      "kind": "payout",
      "label": "La Calcutta, Campeón",
      "paid": false,
      "to": "p4",
    },
    {
      "amount": 1500,
      "from": null,
      "kind": "payout",
      "label": "La Calcutta, Subcampeón",
      "paid": false,
      "to": "p6",
    },
    {
      "amount": 750,
      "from": null,
      "kind": "payout",
      "label": "La Calcutta, Mejor C",
      "paid": false,
      "to": "p10",
    },
    {
      "amount": 750,
      "from": null,
      "kind": "payout",
      "label": "La Calcutta, Mejor D",
      "paid": false,
      "to": "p12",
    },
    {
      "amount": 375,
      "from": null,
      "kind": "payout",
      "label": "La Calcutta, La Cuchara de Palo",
      "paid": false,
      "to": "p7",
    },
  ],
  "peerToPeer": [
    {
      "amount": 3425,
      "from": "p1",
      "to": "p3",
    },
    {
      "amount": 2550,
      "from": "p8",
      "to": "p3",
    },
    {
      "amount": 2025,
      "from": "p7",
      "to": "p3",
    },
    {
      "amount": 400,
      "from": "p7",
      "to": "p4",
    },
    {
      "amount": 1875,
      "from": "p2",
      "to": "p4",
    },
    {
      "amount": 350,
      "from": "p2",
      "to": "p5",
    },
    {
      "amount": 1850,
      "from": "p9",
      "to": "p5",
    },
    {
      "amount": 50,
      "from": "p9",
      "to": "p12",
    },
    {
      "amount": 1600,
      "from": "p10",
      "to": "p12",
    },
    {
      "amount": 450,
      "from": "p6",
      "to": "p12",
    },
    {
      "amount": 400,
      "from": "p6",
      "to": "p11",
    },
  ],
  "people": [
    {
      "calcuttaShares": 0,
      "id": "p1",
      "net": -3425,
      "paid": 3625,
      "prizesTotal": 200,
      "receives": 200,
    },
    {
      "calcuttaShares": 0,
      "id": "p2",
      "net": -2225,
      "paid": 2750,
      "prizesTotal": 400,
      "receives": 525,
    },
    {
      "calcuttaShares": 0,
      "id": "p3",
      "net": 8000,
      "paid": 3000,
      "prizesTotal": 11000,
      "receives": 11000,
    },
    {
      "calcuttaShares": 4125,
      "id": "p4",
      "net": 2275,
      "paid": 3250,
      "prizesTotal": 1400,
      "receives": 5525,
    },
    {
      "calcuttaShares": 0,
      "id": "p5",
      "net": 2200,
      "paid": 3500,
      "prizesTotal": 5700,
      "receives": 5700,
    },
    {
      "calcuttaShares": 1500,
      "id": "p6",
      "net": -850,
      "paid": 2750,
      "prizesTotal": 400,
      "receives": 1900,
    },
    {
      "calcuttaShares": 375,
      "id": "p7",
      "net": -2425,
      "paid": 3000,
      "prizesTotal": 200,
      "receives": 575,
    },
    {
      "calcuttaShares": 0,
      "id": "p8",
      "net": -2550,
      "paid": 3250,
      "prizesTotal": 700,
      "receives": 700,
    },
    {
      "calcuttaShares": 0,
      "id": "p9",
      "net": -1900,
      "paid": 3500,
      "prizesTotal": 1600,
      "receives": 1600,
    },
    {
      "calcuttaShares": 750,
      "id": "p10",
      "net": -1600,
      "paid": 2750,
      "prizesTotal": 400,
      "receives": 1150,
    },
    {
      "calcuttaShares": 0,
      "id": "p11",
      "net": 400,
      "paid": 3000,
      "prizesTotal": 3400,
      "receives": 3400,
    },
    {
      "calcuttaShares": 750,
      "id": "p12",
      "net": 2100,
      "paid": 3250,
      "prizesTotal": 4600,
      "receives": 5350,
    },
  ],
  "prizes": [
    {
      "amount": 10000,
      "final": true,
      "label": "Individual, 1.º",
      "moduleId": "individual",
      "playerId": "p3",
    },
    {
      "amount": 5000,
      "final": true,
      "label": "Individual, 2.º",
      "moduleId": "individual",
      "playerId": "p5",
    },
    {
      "amount": 3000,
      "final": true,
      "label": "Individual, 3.º",
      "moduleId": "individual",
      "playerId": "p11",
    },
    {
      "amount": 2000,
      "final": true,
      "label": "Individual, 4.º",
      "moduleId": "individual",
      "playerId": "p12",
    },
    {
      "amount": 1200,
      "final": true,
      "label": "Mejor ronda, día 1",
      "moduleId": "bestRound",
      "playerId": "p12",
    },
    {
      "amount": 1200,
      "final": true,
      "label": "Mejor ronda, día 2",
      "moduleId": "bestRound",
      "playerId": "p9",
    },
    {
      "amount": 1000,
      "final": true,
      "label": "Los Matrimonios, 1.º",
      "moduleId": "pairs",
      "playerId": "p3",
    },
    {
      "amount": 1000,
      "final": true,
      "label": "Los Matrimonios, 1.º",
      "moduleId": "pairs",
      "playerId": "p12",
    },
    {
      "amount": 500,
      "final": true,
      "label": "Los Matrimonios, 2.º",
      "moduleId": "pairs",
      "playerId": "p5",
    },
    {
      "amount": 500,
      "final": true,
      "label": "Los Matrimonios, 2.º",
      "moduleId": "pairs",
      "playerId": "p8",
    },
    {
      "amount": 200,
      "final": true,
      "label": "La Víbora, día 1, grupo 1",
      "moduleId": "snake",
      "playerId": "p1",
    },
    {
      "amount": 200,
      "final": true,
      "label": "La Víbora, día 1, grupo 1",
      "moduleId": "snake",
      "playerId": "p10",
    },
    {
      "amount": 200,
      "final": true,
      "label": "La Víbora, día 1, grupo 1",
      "moduleId": "snake",
      "playerId": "p4",
    },
    {
      "amount": 200,
      "final": true,
      "label": "La Víbora, día 1, grupo 2",
      "moduleId": "snake",
      "playerId": "p2",
    },
    {
      "amount": 200,
      "final": true,
      "label": "La Víbora, día 1, grupo 2",
      "moduleId": "snake",
      "playerId": "p11",
    },
    {
      "amount": 200,
      "final": true,
      "label": "La Víbora, día 1, grupo 2",
      "moduleId": "snake",
      "playerId": "p5",
    },
    {
      "amount": 200,
      "final": true,
      "label": "La Víbora, día 1, grupo 3",
      "moduleId": "snake",
      "playerId": "p12",
    },
    {
      "amount": 200,
      "final": true,
      "label": "La Víbora, día 1, grupo 3",
      "moduleId": "snake",
      "playerId": "p6",
    },
    {
      "amount": 200,
      "final": true,
      "label": "La Víbora, día 1, grupo 3",
      "moduleId": "snake",
      "playerId": "p9",
    },
    {
      "amount": 200,
      "final": true,
      "label": "La Víbora, día 2, grupo 1",
      "moduleId": "snake",
      "playerId": "p10",
    },
    {
      "amount": 200,
      "final": true,
      "label": "La Víbora, día 2, grupo 1",
      "moduleId": "snake",
      "playerId": "p4",
    },
    {
      "amount": 200,
      "final": true,
      "label": "La Víbora, día 2, grupo 1",
      "moduleId": "snake",
      "playerId": "p7",
    },
    {
      "amount": 200,
      "final": true,
      "label": "La Víbora, día 2, grupo 2",
      "moduleId": "snake",
      "playerId": "p2",
    },
    {
      "amount": 200,
      "final": true,
      "label": "La Víbora, día 2, grupo 2",
      "moduleId": "snake",
      "playerId": "p11",
    },
    {
      "amount": 200,
      "final": true,
      "label": "La Víbora, día 2, grupo 2",
      "moduleId": "snake",
      "playerId": "p8",
    },
    {
      "amount": 200,
      "final": true,
      "label": "La Víbora, día 2, grupo 3",
      "moduleId": "snake",
      "playerId": "p12",
    },
    {
      "amount": 200,
      "final": true,
      "label": "La Víbora, día 2, grupo 3",
      "moduleId": "snake",
      "playerId": "p6",
    },
    {
      "amount": 200,
      "final": true,
      "label": "La Víbora, día 2, grupo 3",
      "moduleId": "snake",
      "playerId": "p9",
    },
    {
      "amount": 1000,
      "final": true,
      "label": "Menos putts",
      "moduleId": "fewestPutts",
      "playerId": "p4",
    },
    {
      "amount": 4125,
      "final": true,
      "label": "La Calcutta, Campeón",
      "moduleId": "auction",
      "playerId": "p4",
    },
    {
      "amount": 1500,
      "final": true,
      "label": "La Calcutta, Subcampeón",
      "moduleId": "auction",
      "playerId": "p6",
    },
    {
      "amount": 750,
      "final": true,
      "label": "La Calcutta, Mejor C",
      "moduleId": "auction",
      "playerId": "p10",
    },
    {
      "amount": 750,
      "final": true,
      "label": "La Calcutta, Mejor D",
      "moduleId": "auction",
      "playerId": "p12",
    },
    {
      "amount": 375,
      "final": true,
      "label": "La Calcutta, La Cuchara de Palo",
      "moduleId": "auction",
      "playerId": "p7",
    },
  ],
  "viaBank": [
    {
      "amount": 800,
      "from": "p1",
      "to": null,
    },
    {
      "amount": 2350,
      "from": "p2",
      "to": null,
    },
    {
      "amount": 8000,
      "from": null,
      "to": "p3",
    },
    {
      "amount": 2275,
      "from": null,
      "to": "p4",
    },
    {
      "amount": 2200,
      "from": null,
      "to": "p5",
    },
    {
      "amount": 850,
      "from": "p6",
      "to": null,
    },
    {
      "amount": 2425,
      "from": "p7",
      "to": null,
    },
    {
      "amount": 2550,
      "from": "p8",
      "to": null,
    },
    {
      "amount": 1900,
      "from": "p9",
      "to": null,
    },
    {
      "amount": 1600,
      "from": "p10",
      "to": null,
    },
    {
      "amount": 400,
      "from": null,
      "to": "p11",
    },
    {
      "amount": 2100,
      "from": null,
      "to": "p12",
    },
    {
      "amount": 125,
      "from": "p1",
      "to": "p2",
    },
  ],
  "warnings": [],
}
`;
